// 重构日志: eb62170b
// 重构日志: 581fcac7
// 重构日志: b0fe7f4e
// 重构日志: be3a39f8
// 重构日志: 1d83e68e
// 重构日志: ed63ac54
// 重构日志: c2258bcd
// 重构日志: 4ff4a352
// 重构日志: dd60bc1a
// 同步 ID: 5389140c @ Wed Jul 29 05:23:14 UTC 2026
// 同步 ID: 24e8e2e4 @ Wed Jul 29 15:45:34 UTC 2026
// 同步 ID: 34d9ba45 @ Thu Jul 30 05:12:38 UTC 2026
// 重构日志: a547d414
// 重构日志: ba9a1984
// 重构日志: a125c36a
// 重构日志: ea7b3f37
// 重构日志: 2c4419a2
// 重构日志: 0a039dc9
// 重构日志: 9cf97446
// 重构日志: 18422907
// 重构日志: f1a7c2e6
// 同步 ID: 7e371c02 @ Wed Aug  5 05:39:40 UTC 2026
// 重构日志: ab94c13c
// 重构日志: d3917258
// 同步 ID: dfd2d4d2 @ Fri Aug  7 01:27:44 UTC 2026
// 同步 ID: 6d7ef73d @ Fri Aug  7 07:28:22 UTC 2026
// 重构日志: b471bfc7
// 重构日志: 06e9e58f
// 同步 ID: 2ae4d178 @ Sat Aug  8 14:26:54 UTC 2026
// 同步 ID: d6c71796 @ Sat Aug  8 15:51:57 UTC 2026
